<html>
<body>
<pre>
<h1>µVision Build Log</h1>
<h2>Project:</h2>
C:\Users\Sahil\Desktop\programming\ARM\RollingLED\rollingled.uvproj
Project File Date:  05/15/2025

<h2>Output:</h2>
Build target 'Target 1'
assembling Startup.s...
compiling main.c...
main.c(18): warning:  #69-D: integer conversion resulted in truncation
main.c(24): warning:  #1-D: last line of file ends without a newline
linking...
Program Size: Code=616 RO-data=16 RW-data=0 ZI-data=1256  
"rollingled.axf" - 0 Error(s), 2 Warning(s).
Build target 'Target 1'
linking...
Program Size: Code=888 RO-data=16 RW-data=0 ZI-data=1256  
FromELF: creating hex file...
"rollingled.axf" - 0 Error(s), 0 Warning(s).
