<html>
<body>
<pre>
<h1>µVision Build Log</h1>
<h2>Project:</h2>
C:\Users\Sahil\Desktop\programming\ARM\Buzzer\buzzer.uvproj
Project File Date:  05/15/2025

<h2>Output:</h2>
Build target 'Target 1'
assembling Startup.s...
compiling main.c...
main.c(76): warning:  #1-D: last line of file ends without a newline
linking...
Program Size: Code=880 RO-data=32 RW-data=4 ZI-data=1260  
"buzzer.axf" - 0 Error(s), 1 Warning(s).
Build target 'Target 1'
linking...
Program Size: Code=1152 RO-data=32 RW-data=4 ZI-data=1260  
FromELF: creating hex file...
"buzzer.axf" - 0 Error(s), 0 Warning(s).
